// Jest Snapshot v1, https://goo.gl/fbAQLP

exports[`Pruebas en el <GifItem /> debe de hacer match con el snapshot 1`] = `
<div>
  <div
    class="card"
  >
    <img
      alt="goku"
      src="https://goku.com/gohan"
    />
    <p>
      goku
    </p>
  </div>
</div>
`;
